// Jest Snapshot v1, https://goo.gl/fbAQLP

exports[`Testing App renders without crashing 1`] = `
<BrowserRouter>
  <Switch>
    <Route
      component={[Function]}
      exact={true}
      path="/"
    />
    <Route
      component={[Function]}
      exact={true}
      path="/profile/:userID?"
    />
    <Route
      component={[Function]}
      path="/profile-setup/:userID?"
    />
    <Route
      component={[Function]}
      path="/search/:query?"
    />
    <Route
      component={[Function]}
      exact={true}
      path="/api-test"
    />
    <PrivateRoute
      component={[Function]}
      exact={true}
      path="/tests"
    />
  </Switch>
</BrowserRouter>
`;
