// Jest Snapshot v1, https://goo.gl/fbAQLP

exports[`Testing CompanyAutoComplete renders without crashing 1`] = `
<ForwardRef(AutoComplete)
  dropdownMatchSelectWidth={252}
  onChange={[Function]}
  onSearch={[Function]}
  onSelect={[Function]}
  style={
    Object {
      "width": 300,
    }
  }
  value=""
/>
`;
