// Jest Snapshot v1, https://goo.gl/fbAQLP

exports[`Testing PortfolioObject renders without crashing 1`] = `
<div
  className="container-primary portfolio-object thumbnail"
>
  <div
    className="exit-button"
    onClick={[Function]}
  />
  <div
    className="portfolio-title"
  >
    <h2>
      Project 1
    </h2>
  </div>
  <div
    className="container-secondary portfolio-hero"
    style={
      Object {
        "backgroundImage": "url(https://i.ibb.co/BNZxQ2z/example0.jpg)",
      }
    }
  />
  <div
    className="portfolio-object-overlay"
  >
    <div
      className="portfolio-meta"
    >
      <h4>
        <strong>
          Project 1
        </strong>
      </h4>
      <h5>
        Author 1
      </h5>
    </div>
  </div>
  <div
    className="portfolio-object-body"
  >
    <div
      className="container-secondary portfolio-side-bar"
    >
      <ul>
        <li>
          <Emoji
            label="Type:"
            symbol="💻"
          />
           
          website
        </li>
        <li>
          <Emoji
            label="Date:"
            symbol="📅"
          />
           
          2020-01
        </li>
        <li>
          <Emoji
            label="Location:"
            symbol="🌏"
          />
           
          Melbourne, Australia
        </li>
        <li>
          <Emoji
            label="Link:"
            symbol="🔗"
          />
           
          <a
            href=""
          />
        </li>
        <li>
          <Emoji
            label="Views:"
            symbol="👁️"
          />
           
          10
        </li>
      </ul>
      <div
        style={
          Object {
            "textAlign": "center",
          }
        }
      >
        <SocialLinks />
      </div>
    </div>
    <AuthorBadge
      author="Author 1"
      tagline="Author Tagline"
    />
    <br />
    This is a short description about the project
     
    <br />
    Lorem ipsum dolor sit amet, consectetur adipiscing elit. Proin nisi tellus, gravida in cursus et, ultrices eu libero. Nullam mollis ac nibh at rutrum. Donec auctor orci odio. In non mi vel tellus faucibus blandit pretium ac ante. Curabitur laoreet mauris eget justo tristique, finibus ornare ex dapibus. Nunc scelerisque risus sed odio convallis ullamcorper. Aenean bibendum molestie nisi in fermentum. Cras tempor, elit in congue maximus, orci nulla vehicula purus, id aliquet augue neque quis augue. Vestibulum vitae purus sit amet diam venenatis pulvinar non quis mauris.
  </div>
</div>
`;
