// Jest Snapshot v1, https://goo.gl/fbAQLP

exports[`Testing PortfolioObject renders without crashing 1`] = `
<div
  className="container-primary portfolio-object thumbnail"
>
  <div
    className="exit-button"
    onClick={[Function]}
  />
  <div
    className="portfolio-title"
  >
    <h2
      style={
        Object {
          "marginLeft": "85px",
          "marginRight": "85px",
        }
      }
    >
      <TextInput
        editable={false}
        onChange={[Function]}
        padding="2px 85px 2px 85px"
        placeholder="Title"
        text="Project 1"
      />
    </h2>
  </div>
  <PortfolioHero
    isMyProfile={false}
    isOpen={false}
    new={false}
    projectID="1"
    userID="10"
  />
  <div
    className="portfolio-object-overlay"
  >
    <div
      className="portfolio-meta"
    >
      <h4>
        <strong>
          Project 1
        </strong>
      </h4>
    </div>
  </div>
  <div
    className="portfolio-object-body"
  >
    <div>
      <br />
      <div
        style={
          Object {
            "marginLeft": "-10px",
            "marginTop": "-10px",
          }
        }
      >
        <TextInput
          editable={false}
          multiline={true}
          onChange={[Function]}
          padding="10px"
          placeholder="Description"
          text="Melbourne, Australia"
        />
      </div>
    </div>
    <div
      className="container-secondary portfolio-side-bar"
    >
      <ul>
        <li>
          <div
            className="portfolio-tag"
            style={
              Object {
                "textAlign": "center",
                "width": "100%",
              }
            }
          >
            website
          </div>
        </li>
        <li>
          <div
            style={
              Object {
                "display": "inline-block",
                "width": "100%",
              }
            }
          >
            <div
              className="portfolio-tag"
            >
              one
            </div>
            <div
              className="portfolio-tag"
            >
              two
            </div>
            <div
              className="portfolio-tag"
            >
              three
            </div>
            <div
              className="portfolio-tag"
            >
              four
            </div>
            <div
              className="portfolio-tag"
            >
              five
            </div>
          </div>
        </li>
        <li
          style={
            Object {
              "textAlign": "center",
            }
          }
        >
          <ForwardRef(LineOutlined) />
        </li>
        <li>
          <ForwardRef(CalendarOutlined) />
           2020-01
        </li>
        <li>
          <ForwardRef(LinkOutlined) />
           
          <a
            href="http://distribution.bbb3d.renderfarming.net/video/mp4/bbb_sunflower_1080p_30fps_normal.mp4"
            rel="noopener noreferrer"
            target="_blank"
          >
            <div
              style={
                Object {
                  "display": "inline-block",
                  "marginBottom": "-5px",
                  "overflow": "hidden",
                  "textOverflow": "ellipsis",
                  "width": "140px",
                }
              }
            >
              distribution.bbb3d.renderfarming.net/video/mp4/bbb_sunflower_1080p_30fps_normal.mp4
            </div>
          </a>
        </li>
      </ul>
      <div
        style={
          Object {
            "textAlign": "center",
          }
        }
      />
    </div>
  </div>
</div>
`;
