// Jest Snapshot v1, https://goo.gl/fbAQLP

exports[`Testing Resume renders without crashing 1`] = `
<div
  className="container-primary resume container-scroll"
>
  <div
    className="container-secondary resume-hero"
  />
  <div
    className="container-secondary resume-picture"
  >
    <ForwardRef(UserOutlined)
      style={
        Object {
          "color": "#fff",
          "fontSize": "64px",
        }
      }
    />
  </div>
  <div
    className="resume-name"
  >
    <h1>
      <strong>
        <TextInput
          editable={true}
          onChange={[Function]}
          text="Jane Doe"
        />
      </strong>
    </h1>
    <div
      className="resume-badges"
    >
      <ul>
        <Tooltip
          arrowPointAtCenter={false}
          autoAdjustOverflow={true}
          mouseEnterDelay={0.1}
          mouseLeaveDelay={0.1}
          placement="bottom"
          title="The University of Melbourne"
          transitionName="zoom-big-fast"
        >
          <li>
            <Emoji
              label="Student"
              symbol="🧑‍🎓"
            />
          </li>
        </Tooltip>
        <Tooltip
          arrowPointAtCenter={false}
          autoAdjustOverflow={true}
          mouseEnterDelay={0.1}
          mouseLeaveDelay={0.1}
          placement="bottom"
          title="Open to work opportunities"
          transitionName="zoom-big-fast"
        >
          <li>
            <Emoji
              label="Open to work opportunities"
              symbol="✅"
            />
          </li>
        </Tooltip>
        <Tooltip
          arrowPointAtCenter={false}
          autoAdjustOverflow={true}
          mouseEnterDelay={0.1}
          mouseLeaveDelay={0.1}
          placement="bottom"
          title="Melbourne, Australia"
          transitionName="zoom-big-fast"
        >
          <li>
            <Emoji
              label="Location"
              symbol="🌏"
            />
          </li>
        </Tooltip>
      </ul>
    </div>
  </div>
  <div
    className="resume-profile"
  >
    <TextInput
      editable={true}
      multiline={true}
      onChange={[Function]}
      padding="10px"
      text="I am a capable and creative computer science student with a flair for problem solving. I have strong technical, interpersonal and communication skills and am aiming to pursue a career in software engineering & design. "
    />
  </div>
  <ResumeEntry
    display="inline"
    entries={
      Array [
        Object {
          "text": "HTML",
        },
        Object {
          "text": "CSS",
        },
        Object {
          "text": "JavaScript",
        },
        Object {
          "text": "React.js",
        },
        Object {
          "text": "Python",
        },
        Object {
          "text": "C",
        },
        Object {
          "text": "Java",
        },
        Object {
          "text": "Graphic Design",
        },
        Object {
          "text": "Photoshop",
        },
        Object {
          "text": "Illustrator",
        },
      ]
    }
    isMyProfile={true}
    title="Skills"
  />
  <ResumeEntry
    display="block"
    entries={
      Array [
        Object {
          "date": "2020",
          "subText": "as a Full Stack Developer",
          "text": "Internship at a Company",
        },
        Object {
          "date": "2019",
          "subText": "as a Front end Developer",
          "text": "Internship at a different Company",
        },
        Object {
          "date": "2018-Current",
          "text": "Part time job",
        },
      ]
    }
    isMyProfile={true}
    title="Experience"
  />
  <ResumeEntry
    display="inline"
    entries={
      Array [
        Object {
          "date": "2020",
          "text": "First Cass Honours",
        },
        Object {
          "date": "2020",
          "text": "First in Hackathon",
        },
      ]
    }
    isMyProfile={true}
    title="Achievements"
  />
  <ResumeEntry
    display="block"
    entries={
      Array [
        Object {
          "date": "2018-20",
          "subText": "Bachelor of Science - Major in computing and software systems",
          "text": "The University of Melbourne",
        },
        Object {
          "date": "2017",
          "subText": "Completed International Baccalaureate Diploma",
          "text": "School College",
        },
      ]
    }
    isMyProfile={true}
    title="Education"
  />
</div>
`;
