// Jest Snapshot v1, https://goo.gl/fbAQLP

exports[`Testing ResumeEntry renders without crashing 1`] = `
<div
  className="resume-entry resume-entry-block"
>
  <h2>
    <strong>
      Experience
    </strong>
  </h2>
  <ul>
    <li
      key="0"
    >
      <div
        className="resume-entry-date"
      >
        2020
      </div>
      <div>
        Internship at a Company
        <div
          className="resume-sub-text"
        >
          as a Full Stack Developer
        </div>
      </div>
    </li>
    <li
      key="1"
    >
      <div
        className="resume-entry-date"
      >
        2019
      </div>
      <div>
        Internship at a different Company
        <div
          className="resume-sub-text"
        >
          as a Front end Developer
        </div>
      </div>
    </li>
    <li
      key="2"
    >
      <div
        className="resume-entry-date"
      >
        2018-Current
      </div>
      <div>
        Part time job
        <div
          className="resume-sub-text"
        />
      </div>
    </li>
  </ul>
</div>
`;
