// Jest Snapshot v1, https://goo.gl/fbAQLP

exports[`Testing ResumeEntry renders without crashing 1`] = `
<div
  className="resume-entry resume-entry-block"
>
  <h2>
    <strong>
      Experience
    </strong>
  </h2>
  <ul>
    <li
      key="0"
    >
      <div
        className="resume-entry-date"
      >
        <TextInput
          editable={true}
          onChange={[Function]}
          padding="2px"
          text="2020"
        />
      </div>
      <div>
        <TextInput
          editable={true}
          onChange={[Function]}
          padding="2px"
          text="Internship at a Company"
        />
        <div
          className="resume-sub-text"
        >
          <TextInput
            editable={true}
            onChange={[Function]}
            padding="2px"
            text="as a Full Stack Developer"
          />
        </div>
      </div>
    </li>
    <li
      key="1"
    >
      <div
        className="resume-entry-date"
      >
        <TextInput
          editable={true}
          onChange={[Function]}
          padding="2px"
          text="2019"
        />
      </div>
      <div>
        <TextInput
          editable={true}
          onChange={[Function]}
          padding="2px"
          text="Internship at a different Company"
        />
        <div
          className="resume-sub-text"
        >
          <TextInput
            editable={true}
            onChange={[Function]}
            padding="2px"
            text="as a Front end Developer"
          />
        </div>
      </div>
    </li>
    <li
      key="2"
    >
      <div
        className="resume-entry-date"
      >
        <TextInput
          editable={true}
          onChange={[Function]}
          padding="2px"
          text="2018-Current"
        />
      </div>
      <div>
        <TextInput
          editable={true}
          onChange={[Function]}
          padding="2px"
          text="Part time job"
        />
        <div
          className="resume-sub-text"
        >
          <TextInput
            editable={true}
            onChange={[Function]}
            padding="2px"
          />
        </div>
      </div>
    </li>
  </ul>
</div>
`;
